<html>
<body>
<pre>
<h1>µVision Build Log</h1>
<h2>Tool Versions:</h2>
IDE-Version: ¦ÌVision V5.25.2.0
Copyright (C) 2018 ARM Ltd and ARM Germany GmbH. All rights reserved.
License Information: Íõ 13983, radiation, LIC=Y2B12-9PPDN-06CQU-SQ0LC-USX43-NWYMN
 
Tool Versions:
Toolchain:       MDK-ARM Professional  Version: 5.25.2.0
Toolchain Path:  C:\Keil_v5\ARM\ARMCC\Bin
C Compiler:      Armcc.exe V5.06 update 6 (build 750)
Assembler:       Armasm.exe V5.06 update 6 (build 750)
Linker/Locator:  ArmLink.exe V5.06 update 6 (build 750)
Library Manager: ArmAr.exe V5.06 update 6 (build 750)
Hex Converter:   FromElf.exe V5.06 update 6 (build 750)
CPU DLL:         SARMCM3.DLL V5.25.2.0
Dialog DLL:      DCM.DLL V1.17.1.0
Target DLL:      Segger\JL2CM3.dll V2.97.0.0
Dialog DLL:      TCM.DLL V1.35.1.0
 
<h2>Project:</h2>
E:\Project\stm32f407-netbox\project.uvprojx
Project File Date:  09/04/2019

<h2>Output:</h2>
*** Using Compiler 'V5.06 update 6 (build 750)', folder: 'C:\Keil_v5\ARM\ARMCC\Bin'
Rebuild target 'rt-thread'
compiling irq.c...
compiling clock.c...
compiling cpu.c...
compiling components.c...
compiling idle.c...
compiling device.c...
compiling ipc.c...
compiling signal.c...
compiling object.c...
compiling mempool.c...
compiling scheduler.c...
compiling memheap.c...
compiling kservice.c...
compiling thread.c...
compiling timer.c...
compiling beep.c...
compiling mqtt-device.c...
assembling startup_stm32f407xx.s...
compiling main.c...
compiling mqtt-ota.c...
compiling board.c...
compiling dev_modbus_rtu.c...
compiling stm32f4xx_hal_msp.c...
compiling drv_gpio.c...
compiling drv_usart.c...
compiling drv_pwm.c...
compiling drv_rtc.c...
compiling drv_spi.c...
compiling drv_eth.c...
compiling infra_defs.c...
compiling drv_flash_f4.c...
compiling infra_compat.c...
compiling infra_httpc.c...
compiling infra_json_parser.c...
compiling infra_log.c...
packages\ali-iotkit-latest\iotkit-embedded\src\infra\infra_log.c(90): warning:  #177-D: variable "mutex"  was declared but never referenced
      void **mutex = NULL;
packages\ali-iotkit-latest\iotkit-embedded\src\infra\infra_log.c: 1 warning, 0 errors
compiling drv_common.c...
compiling drv_usbd_fs.c...
compiling infra_net.c...
packages\ali-iotkit-latest\iotkit-embedded\src\infra\infra_net.c(37): warning:  #177-D: function "ssl_malloc"  was declared but never referenced
  static void *ssl_malloc(uint32_t size)
packages\ali-iotkit-latest\iotkit-embedded\src\infra\infra_net.c(41): warning:  #177-D: function "ssl_free"  was declared but never referenced
  static void ssl_free(void *ptr)
packages\ali-iotkit-latest\iotkit-embedded\src\infra\infra_net.c: 2 warnings, 0 errors
compiling infra_md5.c...
compiling infra_prt_nwk_payload.c...
compiling infra_report.c...
compiling infra_sha256.c...
compiling infra_string.c...
compiling infra_timer.c...
compiling MQTTConnectClient.c...
compiling MQTTDeserializePublish.c...
compiling mqtt_api.c...
packages\ali-iotkit-latest\iotkit-embedded\src\mqtt\mqtt_api.c(308): warning:  #177-D: variable "product_secret"  was declared but never referenced
          char product_secret[IOTX_PRODUCT_SECRET_LEN + 1] = {0};
packages\ali-iotkit-latest\iotkit-embedded\src\mqtt\mqtt_api.c: 1 warning, 0 errors
compiling MQTTPacket.c...
compiling MQTTSubscribeClient.c...
compiling MQTTSerializePublish.c...
compiling MQTTUnsubscribeClient.c...
compiling dev_sign_mqtt.c...
packages\ali-iotkit-latest\iotkit-embedded\src\dev_sign\dev_sign_mqtt.c(122): warning:  #550-D: variable "sign_fmt"  was set but never used
      const char sign_fmt[] = "clientId%sdeviceName%sproductKey%stimestamp%s";
packages\ali-iotkit-latest\iotkit-embedded\src\dev_sign\dev_sign_mqtt.c: 1 warning, 0 errors
compiling dynreg.c...
compiling ota_fetch.c...
compiling ota_lib.c...
compiling HAL_OS_rtthread.c...
compiling iotx_ota.c...
compiling HAL_UDP_rtthread.c...
compiling iotx_mqtt_client.c...
compiling root_ca.c...
compiling HAL_TLS_mbedtls.c...
compiling HAL_TCP_rtthread.c...
compiling wrapper.c...
compiling at_device.c...
compiling cJSON_port.c...
compiling at_sample_sim800c.c...
compiling at_socket_sim800c.c...
compiling at_device_sim800c.c...
compiling cJSON_util.c...
compiling cJSON.c...
compiling easyflash.c...
compiling ef_cmd.c...
compiling ef_env_legacy.c...
compiling ef_env_legacy_wl.c...
compiling ef_iap.c...
compiling ef_log.c...
compiling ef_env.c...
compiling ef_utils.c...
compiling ef_fal_port.c...
compiling fal.c...
compiling fal_flash.c...
compiling fal_flash_stm32f4_port.c...
compiling fal_partition.c...
compiling fal_flash_sfud_port.c...
compiling fal_rtt.c...
compiling modbus-data.c...
compiling modbus-rtu.c...
compiling aesni.c...
compiling arc4.c...
compiling modbus.c...
packages\libmodbus-latest\src\modbus.c(150): warning:  #68-D: integer conversion resulted in a change of sign
          return MSG_LENGTH_UNDEFINED;
packages\libmodbus-latest\src\modbus.c: 1 warning, 0 errors
compiling asn1parse.c...
compiling aes.c...
compiling asn1write.c...
compiling base64.c...
compiling blowfish.c...
compiling certs.c...
compiling ccm.c...
compiling camellia.c...
compiling cipher_wrap.c...
compiling cipher.c...
compiling cmac.c...
compiling debug.c...
compiling bignum.c...
compiling ctr_drbg.c...
compiling des.c...
compiling ecdh.c...
compiling ecdsa.c...
compiling dhm.c...
compiling ecjpake.c...
compiling entropy_poll.c...
compiling entropy.c...
compiling ecp_curves.c...
compiling havege.c...
compiling gcm.c...
compiling error.c...
compiling ecp.c...
compiling hmac_drbg.c...
compiling md4.c...
compiling md2.c...
compiling md.c...
compiling memory_buffer_alloc.c...
compiling md_wrap.c...
compiling md5.c...
compiling padlock.c...
compiling pem.c...
compiling oid.c...
compiling pk.c...
compiling pk_wrap.c...
compiling pkcs11.c...
compiling pkcs12.c...
compiling pkcs5.c...
compiling platform.c...
compiling pkwrite.c...
compiling rsa_internal.c...
compiling pkparse.c...
compiling ripemd160.c...
compiling rsa.c...
compiling sha1.c...
compiling sha256.c...
compiling ssl_ciphersuites.c...
compiling ssl_cache.c...
compiling ssl_cookie.c...
compiling sha512.c...
compiling threading.c...
compiling ssl_ticket.c...
compiling timing.c...
compiling version.c...
compiling version_features.c...
compiling ssl_cli.c...
compiling ssl_srv.c...
compiling x509.c...
compiling x509_csr.c...
compiling x509_create.c...
compiling x509_crl.c...
compiling ssl_tls.c...
compiling x509write_crt.c...
compiling x509_crt.c...
packages\mbedtls-latest\mbedtls\library\x509_crt.c(1205): warning:  #223-D: function "stat" declared implicitly
          else if( stat( entry_name, &sb ) == -1 )
packages\mbedtls-latest\mbedtls\library\x509_crt.c: 1 warning, 0 errors
compiling x509write_csr.c...
compiling md5_alt.c...
compiling arc4_alt.c...
compiling aes_alt.c...
compiling des_alt.c...
compiling xtea.c...
compiling rsa_alt.c...
compiling sha1_alt.c...
compiling sha512_alt.c...
compiling tls_certificate.c...
compiling tls_hardware.c...
compiling sha256_alt.c...
compiling timing_alt.c...
compiling tls_client.c...
compiling tls_net.c...
packages\mbedtls-latest\ports\src\tls_net.c(298): warning:  #223-D: function "fcntl" declared implicitly
      if( ( fcntl( ctx->fd, F_GETFL) & O_NONBLOCK ) != O_NONBLOCK )
packages\mbedtls-latest\ports\src\tls_net.c: 1 warning, 0 errors
compiling div0.c...
compiling backtrace.c...
compiling showmem.c...
assembling context_rvds.S...
compiling ntp.c...
compiling telnet.c...
compiling cpuport.c...
compiling dfs.c...
compiling dfs_fs.c...
compiling dfs_file.c...
compiling poll.c...
compiling select.c...
compiling dfs_posix.c...
compiling devfs.c...
compiling ccsbcs.c...
compiling dfs_elm.c...
compiling rtc.c...
compiling pin.c...
compiling rt_drv_pwm.c...
compiling spi_core.c...
compiling serial.c...
compiling spi_dev.c...
compiling sfud_sfdp.c...
compiling sfud.c...
compiling ff.c...
compiling spi_flash_sfud.c...
compiling completion.c...
compiling dataqueue.c...
compiling waitqueue.c...
compiling pipe.c...
compiling ringblk_buf.c...
compiling ringbuffer.c...
compiling workqueue.c...
compiling watchdog.c...
compiling symbol.c...
compiling usbdevice.c...
compiling shell.c...
compiling cdc_vcom.c...
rt-thread\components\drivers\usb\usbdevice\class\cdc_vcom.c(112): warning:  #550-D: variable "dev_qualifier"  was set but never used
  static struct usb_qualifier_descriptor dev_qualifier =
rt-thread\components\drivers\usb\usbdevice\class\cdc_vcom.c: 1 warning, 0 errors
compiling cmd.c...
compiling core.c...
compiling msh.c...
compiling finsh_error.c...
compiling msh_file.c...
compiling msh_cmd.c...
compiling finsh_init.c...
compiling finsh_heap.c...
compiling finsh_node.c...
compiling finsh_compiler.c...
compiling finsh_var.c...
compiling finsh_vm.c...
compiling libc.c...
compiling mem_std.c...
compiling finsh_token.c...
compiling finsh_parser.c...
compiling finsh_ops.c...
compiling time.c...
compiling gmtime_r.c...
compiling stdio.c...
compiling at_utils.c...
compiling stubs.c...
compiling at_cli.c...
compiling posix_termios.c...
compiling def.c...
compiling inet_chksum.c...
compiling at_client.c...
compiling init.c...
compiling sys_arch.c...
compiling dns.c...
compiling at_socket.c...
compiling ip.c...
compiling stats.c...
compiling memp.c...
compiling sys.c...
compiling netif.c...
compiling raw.c...
compiling pbuf.c...
compiling altcp.c...
compiling tcp.c...
compiling altcp_alloc.c...
compiling timeouts.c...
compiling udp.c...
compiling tcp_in.c...
compiling tcp_out.c...
compiling altcp_tcp.c...
compiling err.c...
compiling netbuf.c...
compiling netdb.c...
compiling if_api.c...
compiling api_lib.c...
compiling api_msg.c...
compiling netifapi.c...
compiling lowpan6.c...
compiling tcpip.c...
compiling ethernet.c...
compiling autoip.c...
compiling ethernetif.c...
compiling sockets.c...
compiling ip4_frag.c...
compiling icmp.c...
compiling etharp.c...
compiling igmp.c...
compiling dhcp.c...
compiling ip4.c...
compiling ip4_addr.c...
compiling net_netdb.c...
compiling netdev_ipaddr.c...
compiling ping.c...
compiling netdev.c...
compiling sal_socket.c...
compiling af_inet_lwip.c...
compiling af_inet_at.c...
compiling dfs_net.c...
compiling net_sockets.c...
compiling proto_mbedtls.c...
compiling console_be.c...
compiling ulog.c...
compiling system_stm32f4xx.c...
compiling stm32f4xx_hal_cec.c...
compiling stm32f4xx_hal.c...
compiling stm32f4xx_hal_cryp.c...
compiling stm32f4xx_hal_crc.c...
compiling stm32f4xx_hal_cortex.c...
compiling stm32f4xx_hal_cryp_ex.c...
compiling stm32f4xx_hal_dma.c...
compiling stm32f4xx_hal_pwr.c...
compiling stm32f4xx_hal_pwr_ex.c...
compiling stm32f4xx_hal_rcc.c...
compiling stm32f4xx_hal_rcc_ex.c...
compiling stm32f4xx_hal_dma_ex.c...
compiling stm32f4xx_hal_rng.c...
compiling stm32f4xx_hal_gpio.c...
compiling stm32f4xx_hal_usart.c...
compiling stm32f4xx_hal_pccard.c...
compiling stm32f4xx_hal_qspi.c...
compiling stm32f4xx_hal_uart.c...
compiling stm32f4xx_hal_pcd.c...
compiling stm32f4xx_hal_spi.c...
compiling stm32f4xx_hal_pcd_ex.c...
compiling stm32f4xx_hal_hcd.c...
compiling stm32f4xx_hal_lptim.c...
compiling stm32f4xx_ll_usb.c...
compiling stm32f4xx_hal_tim_ex.c...
compiling stm32f4xx_hal_eth.c...
compiling stm32f4xx_hal_tim.c...
compiling stm32f4xx_hal_rtc.c...
compiling stm32f4xx_hal_iwdg.c...
compiling stm32f4xx_hal_rtc_ex.c...
compiling stm32f4xx_hal_wwdg.c...
compiling stm32f4xx_hal_flash.c...
compiling stm32f4xx_hal_flash_ramfunc.c...
compiling stm32f4xx_hal_flash_ex.c...
linking...
Program Size: Code=557930 RO-data=88722 RW-data=2836 ZI-data=66116  
After Build - User command #1: fromelf --bin .\build\keil\Obj\rt-thread.axf --output rtthread.bin
".\build\keil\Obj\rt-thread.axf" - 0 Error(s), 9 Warning(s).

<h2>Software Packages used:</h2>

Package Vendor: Keil
                http://www.keil.com/pack/Keil.STM32F4xx_DFP.1.0.8.pack
                Keil.STM32F4xx_DFP.1.0.8
                STMicroelectronics STM32F4 Series Device Support, Drivers and Examples

<h2>Collection of Component include folders:</h2>
  .\RTE\_rt-thread
  C:\Keil_v5\ARM\PACK\Keil\STM32F4xx_DFP\1.0.8\Device\Include

<h2>Collection of Component Files used:</h2>
Build Time Elapsed:  00:00:30
</pre>
</body>
</html>
