<html>
<body>
<pre>
<h1>µVision Build Log</h1>
<h2>Tool Versions:</h2>
IDE-Version: ¦ÌVision V5.25.2.0
Copyright (C) 2018 ARM Ltd and ARM Germany GmbH. All rights reserved.
License Information: Íõ 13983, radiation, LIC=Y2B12-9PPDN-06CQU-SQ0LC-USX43-NWYMN
 
Tool Versions:
Toolchain:       MDK-ARM Professional  Version: 5.25.2.0
Toolchain Path:  C:\Keil_v5\ARM\ARMCC\Bin
C Compiler:      Armcc.exe V5.06 update 6 (build 750)
Assembler:       Armasm.exe V5.06 update 6 (build 750)
Linker/Locator:  ArmLink.exe V5.06 update 6 (build 750)
Library Manager: ArmAr.exe V5.06 update 6 (build 750)
Hex Converter:   FromElf.exe V5.06 update 6 (build 750)
CPU DLL:         SARMCM3.DLL V5.25.2.0
Dialog DLL:      DCM.DLL V1.17.1.0
Target DLL:      Segger\JL2CM3.dll V2.97.0.0
Dialog DLL:      TCM.DLL V1.35.1.0
 
<h2>Project:</h2>
E:\Project\stm32f407-netbox\project.uvprojx
Project File Date:  08/06/2019

<h2>Output:</h2>
*** Using Compiler 'V5.06 update 6 (build 750)', folder: 'C:\Keil_v5\ARM\ARMCC\Bin'
Build target 'rt-thread'
compiling clock.c...
compiling cpu.c...
compiling irq.c...
compiling components.c...
compiling idle.c...
compiling device.c...
compiling ipc.c...
compiling object.c...
compiling mempool.c...
compiling signal.c...
compiling kservice.c...
compiling scheduler.c...
compiling memheap.c...
compiling thread.c...
compiling timer.c...
compiling beep.c...
compiling board.c...
compiling main.c...
compiling stm32f4xx_hal_msp.c...
compiling drv_gpio.c...
compiling drv_pwm.c...
compiling drv_usart.c...
compiling drv_spi.c...
compiling infra_defs.c...
compiling drv_rtc.c...
compiling drv_flash_f4.c...
compiling drv_eth.c...
compiling infra_cjson.c...
compiling drv_usbd_fs.c...
compiling infra_compat.c...
compiling infra_json_parser.c...
compiling infra_httpc.c...
compiling infra_log.c...
packages\ali-iotkit-latest\iotkit-embedded\src\infra\infra_log.c(90): warning:  #177-D: variable "mutex"  was declared but never referenced
      void **mutex = NULL;
packages\ali-iotkit-latest\iotkit-embedded\src\infra\infra_log.c: 1 warning, 0 errors
compiling drv_common.c...
compiling infra_net.c...
packages\ali-iotkit-latest\iotkit-embedded\src\infra\infra_net.c(37): warning:  #177-D: function "ssl_malloc"  was declared but never referenced
  static void *ssl_malloc(uint32_t size)
packages\ali-iotkit-latest\iotkit-embedded\src\infra\infra_net.c(41): warning:  #177-D: function "ssl_free"  was declared but never referenced
  static void ssl_free(void *ptr)
packages\ali-iotkit-latest\iotkit-embedded\src\infra\infra_net.c: 2 warnings, 0 errors
compiling infra_prt_nwk_payload.c...
compiling infra_md5.c...
compiling infra_report.c...
compiling infra_string.c...
compiling infra_sha256.c...
compiling infra_timer.c...
compiling MQTTConnectClient.c...
compiling mqtt_api.c...
packages\ali-iotkit-latest\iotkit-embedded\src\mqtt\mqtt_api.c(438): warning:  #188-D: enumerated type mixed with another type
      ret = IOT_Sign_MQTT(region, &meta_info, &g_default_sign);
packages\ali-iotkit-latest\iotkit-embedded\src\mqtt\mqtt_api.c: 1 warning, 0 errors
compiling MQTTDeserializePublish.c...
compiling MQTTSerializePublish.c...
compiling MQTTPacket.c...
compiling MQTTUnsubscribeClient.c...
compiling MQTTSubscribeClient.c...
compiling dm_client.c...
compiling dm_client_adapter.c...
compiling dm_api.c...
packages\ali-iotkit-latest\iotkit-embedded\src\dev_model\dm_api.c(313): warning:  #188-D: enumerated type mixed with another type
      return dm_opt_set(opt, data);
packages\ali-iotkit-latest\iotkit-embedded\src\dev_model\dm_api.c(322): warning:  #188-D: enumerated type mixed with another type
      return dm_opt_get(opt, data);
packages\ali-iotkit-latest\iotkit-embedded\src\dev_model\dm_api.c: 2 warnings, 0 errors
compiling dm_fota.c...
packages\ali-iotkit-latest\iotkit-embedded\src\dev_model\dm_fota.c(131): warning:  #188-D: enumerated type mixed with another type
              IOT_OTA_ReportProgress(ota_handle, percent_now, NULL);
packages\ali-iotkit-latest\iotkit-embedded\src\dev_model\dm_fota.c: 1 warning, 0 errors
compiling dm_ipc.c...
compiling dm_cota.c...
packages\ali-iotkit-latest\iotkit-embedded\src\dev_model\dm_cota.c(166): warning:  #188-D: enumerated type mixed with another type
              IOT_OTA_ReportProgress(ota_handle, percent_now, NULL);
packages\ali-iotkit-latest\iotkit-embedded\src\dev_model\dm_cota.c: 1 warning, 0 errors
compiling dm_message_cache.c...
compiling iotx_mqtt_client.c...
compiling dm_opt.c...
compiling dm_ota.c...
compiling dm_msg_process.c...
compiling dm_manager.c...
packages\ali-iotkit-latest\iotkit-embedded\src\dev_model\dm_manager.c(1071): warning:  #191-D: type qualifier is meaningless on cast type
      HEXDUMP_INFO(payload, payload_len);
packages\ali-iotkit-latest\iotkit-embedded\src\dev_model\dm_manager.c(1482): warning:  #188-D: enumerated type mixed with another type
      response->code = code;
packages\ali-iotkit-latest\iotkit-embedded\src\dev_model\dm_manager.c: 2 warnings, 0 errors
compiling dm_message.c...
compiling iotx_cm_mqtt.c...
packages\ali-iotkit-latest\iotkit-embedded\src\dev_model\iotx_cm_mqtt.c(329): warning:  #188-D: enumerated type mixed with another type
                                        qos,
packages\ali-iotkit-latest\iotkit-embedded\src\dev_model\iotx_cm_mqtt.c(336): warning:  #188-D: enumerated type mixed with another type
                                   qos,
packages\ali-iotkit-latest\iotkit-embedded\src\dev_model\iotx_cm_mqtt.c: 2 warnings, 0 errors
compiling dm_utils.c...
compiling iotx_cm.c...
compiling dev_sign_mqtt.c...
packages\ali-iotkit-latest\iotkit-embedded\src\dev_sign\dev_sign_mqtt.c(106): warning:  #550-D: variable "sign_fmt"  was set but never used
      const char sign_fmt[] = "clientId%sdeviceName%sproductKey%stimestamp%s";
packages\ali-iotkit-latest\iotkit-embedded\src\dev_sign\dev_sign_mqtt.c: 1 warning, 0 errors
compiling ota_fetch.c...
compiling impl_linkkit.c...
packages\ali-iotkit-latest\iotkit-embedded\src\dev_model\impl_linkkit.c(337): warning:  #191-D: type qualifier is meaningless on cast type
              HEXDUMP_DEBUG(raw_data, raw_data_len);
packages\ali-iotkit-latest\iotkit-embedded\src\dev_model\impl_linkkit.c(366): warning:  #191-D: type qualifier is meaningless on cast type
              HEXDUMP_DEBUG(raw_data, raw_data_len);
packages\ali-iotkit-latest\iotkit-embedded\src\dev_model\impl_linkkit.c(1184): warning:  #186-D: pointless comparison of unsigned integer with zero
      if (dev_type < 0 || dev_type >= IOTX_LINKKIT_DEV_TYPE_MAX || meta_info == NULL) {
packages\ali-iotkit-latest\iotkit-embedded\src\dev_model\impl_linkkit.c(1403): warning:  #186-D: pointless comparison of unsigned integer with zero
      if (devid < 0 || msg_type < 0 || msg_type >= IOTX_LINKKIT_MSG_MAX) {
packages\ali-iotkit-latest\iotkit-embedded\src\dev_model\impl_linkkit.c(1536): warning:  #186-D: pointless comparison of unsigned integer with zero
      if (devid < 0 || msg_type < 0 || msg_type >= IOTX_LINKKIT_MSG_MAX) {
packages\ali-iotkit-latest\iotkit-embedded\src\dev_model\impl_linkkit.c: 5 warnings, 0 errors
compiling HAL_OS_rtthread.c...
compiling ota_lib.c...
compiling HAL_UDP_rtthread.c...
compiling iotx_ota.c...
compiling HAL_TCP_rtthread.c...
compiling wrapper.c...
compiling root_ca.c...
compiling at_device.c...
compiling cJSON_port.c...
compiling at_socket_sim800c.c...
compiling HAL_TLS_mbedtls.c...
compiling at_sample_sim800c.c...
compiling at_device_sim800c.c...
compiling cJSON_util.c...
compiling easyflash.c...
compiling ef_env_legacy.c...
compiling ef_cmd.c...
compiling cJSON.c...
packages\cJSON-latest\cJSON.c(61): warning:  #1293-D: assignment in condition
        if (!(copy = (char*)cJSON_malloc(len))) return 0;
packages\cJSON-latest\cJSON.c(284): warning:  #1293-D: assignment in condition
  	ptr=str;while ((token=*ptr) && ++len) {if (strchr("\"\\\b\f\n\r\t",token)) len++; else if (token<32) len+=5;ptr++;}
packages\cJSON-latest\cJSON.c(358): warning:  #111-D: statement is unreachable
  	return p.buffer;
packages\cJSON-latest\cJSON.c(429): warning:  #1293-D: assignment in condition
  		if (!(new_item=cJSON_New_Item())) return 0; 	/* memory fail */
packages\cJSON-latest\cJSON.c(541): warning:  #1293-D: assignment in condition
  		if (!(new_item=cJSON_New_Item()))	return 0; /* memory fail */
packages\cJSON-latest\cJSON.c: 5 warnings, 0 errors
compiling ef_env_legacy_wl.c...
compiling ef_iap.c...
compiling ef_log.c...
compiling ef_utils.c...
compiling ef_env.c...
compiling ef_fal_port.c...
compiling fal_flash.c...
compiling fal.c...
compiling fal_partition.c...
compiling fal_flash_stm32f4_port.c...
compiling fal_flash_sfud_port.c...
compiling fal_rtt.c...
compiling modbus-data.c...
compiling aesni.c...
compiling arc4.c...
compiling modbus-rtu.c...
compiling asn1parse.c...
compiling asn1write.c...
compiling aes.c...
compiling modbus.c...
packages\libmodbus-latest\src\modbus.c(150): warning:  #68-D: integer conversion resulted in a change of sign
          return MSG_LENGTH_UNDEFINED;
packages\libmodbus-latest\src\modbus.c(912): warning:  #111-D: statement is unreachable
          break;
packages\libmodbus-latest\src\modbus.c: 2 warnings, 0 errors
compiling base64.c...
compiling blowfish.c...
compiling certs.c...
compiling ccm.c...
compiling cipher_wrap.c...
compiling cipher.c...
compiling camellia.c...
compiling cmac.c...
compiling ctr_drbg.c...
compiling bignum.c...
compiling debug.c...
compiling ecdh.c...
compiling ecjpake.c...
compiling ecdsa.c...
compiling dhm.c...
compiling des.c...
compiling entropy_poll.c...
compiling entropy.c...
compiling ecp_curves.c...
compiling havege.c...
compiling error.c...
compiling hmac_drbg.c...
compiling ecp.c...
compiling md2.c...
compiling gcm.c...
compiling md.c...
compiling md4.c...
compiling md_wrap.c...
compiling memory_buffer_alloc.c...
compiling padlock.c...
compiling oid.c...
compiling md5.c...
compiling pk.c...
compiling pem.c...
compiling pkcs11.c...
compiling pk_wrap.c...
compiling pkcs12.c...
compiling pkcs5.c...
compiling platform.c...
compiling pkwrite.c...
compiling pkparse.c...
compiling rsa_internal.c...
compiling sha256.c...
compiling ssl_ciphersuites.c...
compiling ssl_cache.c...
compiling rsa.c...
compiling ssl_cookie.c...
compiling sha1.c...
compiling ssl_ticket.c...
compiling ripemd160.c...
compiling threading.c...
compiling ssl_cli.c...
compiling version.c...
compiling timing.c...
compiling sha512.c...
compiling ssl_srv.c...
compiling version_features.c...
compiling x509_create.c...
compiling x509.c...
compiling x509_crl.c...
compiling x509_csr.c...
compiling x509write_crt.c...
compiling x509write_csr.c...
compiling xtea.c...
compiling arc4_alt.c...
compiling aes_alt.c...
compiling des_alt.c...
compiling x509_crt.c...
packages\mbedtls-latest\mbedtls\library\x509_crt.c(1205): warning:  #223-D: function "stat" declared implicitly
          else if( stat( entry_name, &sb ) == -1 )
packages\mbedtls-latest\mbedtls\library\x509_crt.c: 1 warning, 0 errors
compiling md5_alt.c...
compiling ssl_tls.c...
compiling sha1_alt.c...
compiling sha256_alt.c...
compiling rsa_alt.c...
compiling sha512_alt.c...
compiling timing_alt.c...
compiling tls_certificate.c...
compiling tls_hardware.c...
compiling tls_client.c...
compiling backtrace.c...
compiling div0.c...
compiling ntp.c...
compiling tls_net.c...
packages\mbedtls-latest\ports\src\tls_net.c(298): warning:  #223-D: function "fcntl" declared implicitly
      if( ( fcntl( ctx->fd, F_GETFL) & O_NONBLOCK ) != O_NONBLOCK )
packages\mbedtls-latest\ports\src\tls_net.c: 1 warning, 0 errors
compiling telnet.c...
compiling showmem.c...
compiling dfs.c...
compiling dfs_fs.c...
compiling poll.c...
compiling dfs_file.c...
compiling select.c...
compiling dfs_posix.c...
compiling cpuport.c...
compiling ccsbcs.c...
compiling devfs.c...
compiling pin.c...
compiling dfs_elm.c...
compiling rt_drv_pwm.c...
compiling rtc.c...
compiling spi_core.c...
compiling spi_dev.c...
compiling sfud_sfdp.c...
compiling sfud.c...
compiling serial.c...
compiling spi_flash_sfud.c...
compiling completion.c...
compiling dataqueue.c...
compiling ff.c...
compiling pipe.c...
compiling waitqueue.c...
compiling ringbuffer.c...
compiling ringblk_buf.c...
compiling watchdog.c...
compiling workqueue.c...
compiling usbdevice.c...
compiling symbol.c...
compiling cdc_vcom.c...
rt-thread\components\drivers\usb\usbdevice\class\cdc_vcom.c(112): warning:  #550-D: variable "dev_qualifier"  was set but never used
  static struct usb_qualifier_descriptor dev_qualifier =
rt-thread\components\drivers\usb\usbdevice\class\cdc_vcom.c: 1 warning, 0 errors
compiling shell.c...
compiling msh.c...
compiling msh_cmd.c...
compiling msh_file.c...
compiling core.c...
compiling cmd.c...
compiling finsh_error.c...
compiling finsh_init.c...
compiling finsh_node.c...
compiling finsh_heap.c...
compiling finsh_compiler.c...
compiling finsh_var.c...
compiling finsh_ops.c...
compiling finsh_parser.c...
compiling finsh_vm.c...
compiling libc.c...
compiling mem_std.c...
compiling finsh_token.c...
compiling time.c...
compiling stubs.c...
compiling stdio.c...
compiling gmtime_r.c...
compiling at_utils.c...
compiling posix_termios.c...
compiling at_cli.c...
compiling at_client.c...
compiling def.c...
compiling init.c...
compiling sys_arch.c...
compiling inet_chksum.c...
compiling at_socket.c...
compiling dns.c...
compiling ip.c...
compiling stats.c...
compiling memp.c...
compiling netif.c...
compiling sys.c...
compiling pbuf.c...
compiling raw.c...
compiling altcp.c...
compiling altcp_alloc.c...
compiling timeouts.c...
compiling udp.c...
compiling tcp.c...
compiling tcp_out.c...
compiling altcp_tcp.c...
compiling tcp_in.c...
compiling err.c...
compiling api_lib.c...
compiling if_api.c...
compiling netbuf.c...
compiling netdb.c...
compiling netifapi.c...
compiling api_msg.c...
compiling tcpip.c...
compiling ethernet.c...
compiling autoip.c...
compiling lowpan6.c...
compiling ethernetif.c...
compiling etharp.c...
compiling icmp.c...
compiling ip4_frag.c...
compiling igmp.c...
compiling dhcp.c...
compiling sockets.c...
compiling ip4.c...
compiling ip4_addr.c...
compiling ping.c...
compiling netdev_ipaddr.c...
compiling net_netdb.c...
compiling netdev.c...
compiling af_inet_lwip.c...
compiling sal_socket.c...
compiling af_inet_at.c...
compiling dfs_net.c...
compiling net_sockets.c...
compiling proto_mbedtls.c...
compiling console_be.c...
compiling ulog.c...
compiling system_stm32f4xx.c...
compiling stm32f4xx_hal_cec.c...
compiling stm32f4xx_hal.c...
compiling stm32f4xx_hal_cortex.c...
compiling stm32f4xx_hal_crc.c...
compiling stm32f4xx_hal_cryp_ex.c...
compiling stm32f4xx_hal_cryp.c...
compiling stm32f4xx_hal_dma.c...
compiling stm32f4xx_hal_pwr.c...
compiling stm32f4xx_hal_dma_ex.c...
compiling stm32f4xx_hal_pwr_ex.c...
compiling stm32f4xx_hal_rng.c...
compiling stm32f4xx_hal_rcc.c...
compiling stm32f4xx_hal_rcc_ex.c...
compiling stm32f4xx_hal_usart.c...
compiling stm32f4xx_hal_gpio.c...
compiling stm32f4xx_hal_qspi.c...
compiling stm32f4xx_hal_pccard.c...
compiling stm32f4xx_hal_uart.c...
compiling stm32f4xx_hal_spi.c...
compiling stm32f4xx_hal_pcd.c...
compiling stm32f4xx_hal_hcd.c...
compiling stm32f4xx_hal_pcd_ex.c...
compiling stm32f4xx_ll_usb.c...
compiling stm32f4xx_hal_lptim.c...
compiling stm32f4xx_hal_tim_ex.c...
compiling stm32f4xx_hal_eth.c...
compiling stm32f4xx_hal_tim.c...
compiling stm32f4xx_hal_rtc.c...
compiling stm32f4xx_hal_rtc_ex.c...
compiling stm32f4xx_hal_iwdg.c...
compiling stm32f4xx_hal_wwdg.c...
compiling stm32f4xx_hal_flash.c...
compiling stm32f4xx_hal_flash_ex.c...
compiling stm32f4xx_hal_flash_ramfunc.c...
linking...
Program Size: Code=371406 RO-data=79122 RW-data=2112 ZI-data=56848  
After Build - User command #1: fromelf --bin .\build\keil\Obj\rt-thread.axf --output rtthread.bin
".\build\keil\Obj\rt-thread.axf" - 0 Error(s), 28 Warning(s).

<h2>Software Packages used:</h2>

Package Vendor: Keil
                http://www.keil.com/pack/Keil.STM32F4xx_DFP.1.0.8.pack
                Keil.STM32F4xx_DFP.1.0.8
                STMicroelectronics STM32F4 Series Device Support, Drivers and Examples

<h2>Collection of Component include folders:</h2>
  .\RTE\_rt-thread
  C:\Keil_v5\ARM\PACK\Keil\STM32F4xx_DFP\1.0.8\Device\Include

<h2>Collection of Component Files used:</h2>
Build Time Elapsed:  00:00:33
</pre>
</body>
</html>
